Starting V5 Ingestion...
INFO:src.services.ingest_engine.private.fifth_iteration.ingestor:v5 ingest start job_id=job_test_v5
INFO:src.services.ingest_engine.private.fifth_iteration.ingestor:v5 processing level 0 chunk 1/1
INFO:src.services.ingest_engine.private.fifth_iteration.ingestor:v5 cleaning text level=0 len=1207
INFO:httpx:HTTP Request: POST http://127.0.0.1:11434/api/chat "HTTP/1.1 200 OK"
INFO:src.services.ingest_engine.private.fifth_iteration.ingestor:v5 recursive extract level=0 text_len=972
INFO:httpx:HTTP Request: POST http://127.0.0.1:11434/api/chat "HTTP/1.1 200 OK"
INFO:httpx:HTTP Request: POST http://127.0.0.1:11434/api/chat "HTTP/1.1 200 OK"
INFO:src.services.ingest_engine.private.fifth_iteration.ingestor:v5 node split into 6 sub-chunks
INFO:src.services.ingest_engine.private.fifth_iteration.ingestor:v5 skipping clean (too short) level=1 len=88
INFO:src.services.ingest_engine.private.fifth_iteration.ingestor:v5 recursive extract level=1 text_len=88
INFO:httpx:HTTP Request: POST http://127.0.0.1:11434/api/chat "HTTP/1.1 200 OK"
INFO:src.services.ingest_engine.private.fifth_iteration.ingestor:v5 node is small or max depth reached, stopping recursion
INFO:src.services.ingest_engine.private.fifth_iteration.ingestor:v5 skipping clean (too short) level=1 len=91
INFO:src.services.ingest_engine.private.fifth_iteration.ingestor:v5 recursive extract level=1 text_len=91
INFO:httpx:HTTP Request: POST http://127.0.0.1:11434/api/chat "HTTP/1.1 200 OK"
INFO:src.services.ingest_engine.private.fifth_iteration.ingestor:v5 node is small or max depth reached, stopping recursion
INFO:src.services.ingest_engine.private.fifth_iteration.ingestor:v5 cleaning text level=1 len=203
INFO:httpx:HTTP Request: POST http://127.0.0.1:11434/api/chat "HTTP/1.1 200 OK"
INFO:src.services.ingest_engine.private.fifth_iteration.ingestor:v5 recursive extract level=1 text_len=224
INFO:httpx:HTTP Request: POST http://127.0.0.1:11434/api/chat "HTTP/1.1 200 OK"
INFO:src.services.ingest_engine.private.fifth_iteration.ingestor:v5 node is small or max depth reached, stopping recursion
INFO:src.services.ingest_engine.private.fifth_iteration.ingestor:v5 cleaning text level=1 len=155
INFO:httpx:HTTP Request: POST http://127.0.0.1:11434/api/chat "HTTP/1.1 200 OK"
INFO:src.services.ingest_engine.private.fifth_iteration.ingestor:v5 recursive extract level=1 text_len=192
INFO:httpx:HTTP Request: POST http://127.0.0.1:11434/api/chat "HTTP/1.1 200 OK"
INFO:src.services.ingest_engine.private.fifth_iteration.ingestor:v5 node is small or max depth reached, stopping recursion
INFO:src.services.ingest_engine.private.fifth_iteration.ingestor:v5 cleaning text level=1 len=223
INFO:httpx:HTTP Request: POST http://127.0.0.1:11434/api/chat "HTTP/1.1 200 OK"
INFO:src.services.ingest_engine.private.fifth_iteration.ingestor:v5 recursive extract level=1 text_len=214
INFO:httpx:HTTP Request: POST http://127.0.0.1:11434/api/chat "HTTP/1.1 200 OK"
INFO:src.services.ingest_engine.private.fifth_iteration.ingestor:v5 node is small or max depth reached, stopping recursion
INFO:src.services.ingest_engine.private.fifth_iteration.ingestor:v5 cleaning text level=1 len=207
INFO:httpx:HTTP Request: POST http://127.0.0.1:11434/api/chat "HTTP/1.1 200 OK"
INFO:src.services.ingest_engine.private.fifth_iteration.ingestor:v5 recursive extract level=1 text_len=203
INFO:httpx:HTTP Request: POST http://127.0.0.1:11434/api/chat "HTTP/1.1 200 OK"
INFO:src.services.ingest_engine.private.fifth_iteration.ingestor:v5 node is small or max depth reached, stopping recursion
INFO:src.services.ingest_engine.private.fifth_iteration.ingestor:v5 saving 7 statements to DB
INFO:src.services.ingest_engine.private.fifth_iteration.ingestor:v5 syncing to VectorStore
INFO:httpx:HTTP Request: POST http://localhost:11434/api/embed "HTTP/1.1 200 OK"
INFO:src.services.ingest_engine.private.fifth_iteration.ingestor:v5 ingest complete

--- DB SUMMARY ---
raw_inputs: 1
memory_items: 7
levels: {0: 1, 1: 6}
- level=0 id=cd714caa parent=None next=None text=Dr. Aris Thorne’s 2045 discovery of **Zephyrium**, a room-temperature superconductor, revolutionized materials science b
- level=1 id=fdd81471 parent=cd714caa next=None text=Zephyrium’s identification reshaped material science by introducing a novel element whose properties and implications re
- level=1 id=2600a145 parent=cd714caa next=None text=Dr. Aris Thorne, a physicist affiliated with the **Global Science Institute**, is credited with the first synthesis of a
- level=1 id=227261fa parent=cd714caa next=None text=Zephyrium demonstrates superconductivity at ambient temperatures, enabling potential applications in advanced energy inf
- level=1 id=d5b12d83 parent=cd714caa next=None text=Dr. Thorne’s research team explored **Zephyrium** in the context of **orbital mechanics**, proposing that a **magnetic b
- level=1 id=a211ee55 parent=cd714caa next=None text=By **2050**, the **Europa Mission** featured **Commander Silas** piloting ***The Vanguard***—the world’s first **Zephyri
- level=1 id=6165135b parent=cd714caa next=None text=Observations of anomalous subsurface seismic events on **Europa** indicate the presence of an unidentified **thermal ven
Ingestion complete. Querying Vector Store...
INFO:httpx:HTTP Request: POST http://localhost:11434/api/embed "HTTP/1.1 200 OK"

--- SEARCH RESULT ---
ID: a211ee55-22fe-48b2-9f24-699b7fd39a54
Text: Summary: By **2050**, the **Europa Mission** featured **Commander Silas** piloting ***The Vanguard***—the world’s first **Zephyrium-powered vessel**—which completed its voyage to Europa in unprecedented speed while maintaining operational stability.
Topics: Europa Mission (2050), Commander Silas, *The Vanguard* (ship), Zephyrium propulsion system
Entities: Commander Silas, *The Vanguard*, Zephyrium-powered vessel, Europa Mission (2050)
Metadata: {'source_input_id': '07623dc1-24c3-4c54-acad-3c56119fcf14', 'type': 'semantic_chunk', 'parent_id': 'cd714caa-9f0f-4049-b456-3e4e27fa615d', 'level': 1, 'next_id': 'none'}

--- SEARCH RESULT ---
ID: 2600a145-c72e-4321-8307-79e7610fff38
Text: Summary: Dr. Aris Thorne, a physicist affiliated with the **Global Science Institute**, is credited with the first synthesis of an unspecified material or concept in **2045**.
Topics: 
Entities: 
Metadata: {'next_id': 'none', 'level': 1, 'parent_id': 'cd714caa-9f0f-4049-b456-3e4e27fa615d', 'type': 'semantic_chunk', 'source_input_id': '07623dc1-24c3-4c54-acad-3c56119fcf14'}

--- SEARCH RESULT ---
ID: cd714caa-9f0f-4049-b456-3e4e27fa615d
Text: Summary: Dr. Aris Thorne’s 2045 discovery of **Zephyrium**, a room-temperature superconductor, revolutionized materials science by enabling advanced energy grids and orbital propulsion. His team later applied Zephyrium to develop the **Europa Mission (2050)**, using *The Vanguard*—a vessel piloted by Commander Silas—demonstrating stable magnetic propulsion. While successful in transit, seismic activity on Europa revealed an unrelated thermal vent system, complicating long-term settlement plans.
Topics: Zephyrium properties and applications, Dr. Aris Thorne’s contributions to materials science, Orbital propulsion with Zephyrium-powered vessels, Europa Mission (2050) and *The Vanguard*, Unforeseen subsurface geology on Europa
Entities: Zephyrium, Global Science Institute, Dr. Aris Thorne, room-temperature superconductivity, next-generation energy grids, orbital mechanics, sustained magnetic bubble propulsion, Commander Silas, *The Vanguard* (ship), Europa Mission (2050), thermal vent system on Europa
Metadata: {'next_id': 'none', 'type': 'semantic_chunk', 'source_input_id': '07623dc1-24c3-4c54-acad-3c56119fcf14', 'level': 0, 'parent_id': 'none'}
