Starting V5 Ingestion...
INFO:src.services.ingest_engine.private.fifth_iteration.ingestor:v5 ingest start job_id=job_test_v5
INFO:src.services.ingest_engine.private.fifth_iteration.ingestor:v5 processing level 0 chunk 1/1
INFO:src.services.ingest_engine.private.fifth_iteration.ingestor:v5 cleaning text level=0 len=1207
INFO:httpx:HTTP Request: POST http://127.0.0.1:11434/api/chat "HTTP/1.1 200 OK"
INFO:src.services.ingest_engine.private.fifth_iteration.ingestor:v5 recursive extract level=0 text_len=972
INFO:httpx:HTTP Request: POST http://127.0.0.1:11434/api/chat "HTTP/1.1 200 OK"
INFO:httpx:HTTP Request: POST http://127.0.0.1:11434/api/chat "HTTP/1.1 200 OK"
INFO:src.services.ingest_engine.private.fifth_iteration.ingestor:v5 node split into 6 sub-chunks
INFO:src.services.ingest_engine.private.fifth_iteration.ingestor:v5 cleaning text level=1 len=57
INFO:httpx:HTTP Request: POST http://127.0.0.1:11434/api/chat "HTTP/1.1 200 OK"
INFO:src.services.ingest_engine.private.fifth_iteration.ingestor:v5 recursive extract level=1 text_len=55
INFO:httpx:HTTP Request: POST http://127.0.0.1:11434/api/chat "HTTP/1.1 200 OK"
INFO:httpx:HTTP Request: POST http://127.0.0.1:11434/api/chat "HTTP/1.1 200 OK"
INFO:src.services.ingest_engine.private.fifth_iteration.ingestor:v5 node split into 2 sub-chunks
INFO:src.services.ingest_engine.private.fifth_iteration.ingestor:v5 cleaning text level=2 len=19
INFO:httpx:HTTP Request: POST http://127.0.0.1:11434/api/chat "HTTP/1.1 200 OK"
INFO:src.services.ingest_engine.private.fifth_iteration.ingestor:v5 recursive extract level=2 text_len=19
INFO:httpx:HTTP Request: POST http://127.0.0.1:11434/api/chat "HTTP/1.1 200 OK"
INFO:httpx:HTTP Request: POST http://127.0.0.1:11434/api/chat "HTTP/1.1 200 OK"
INFO:src.services.ingest_engine.private.fifth_iteration.ingestor:v5 node is atomic, stopping recursion
INFO:src.services.ingest_engine.private.fifth_iteration.ingestor:v5 cleaning text level=2 len=40
INFO:httpx:HTTP Request: POST http://127.0.0.1:11434/api/chat "HTTP/1.1 200 OK"
INFO:src.services.ingest_engine.private.fifth_iteration.ingestor:v5 recursive extract level=2 text_len=811
INFO:httpx:HTTP Request: POST http://127.0.0.1:11434/api/chat "HTTP/1.1 200 OK"
INFO:httpx:HTTP Request: POST http://127.0.0.1:11434/api/chat "HTTP/1.1 200 OK"
INFO:src.services.ingest_engine.private.fifth_iteration.ingestor:v5 node split into 4 sub-chunks
INFO:src.services.ingest_engine.private.fifth_iteration.ingestor:v5 cleaning text level=3 len=99
INFO:httpx:HTTP Request: POST http://127.0.0.1:11434/api/chat "HTTP/1.1 200 OK"
INFO:src.services.ingest_engine.private.fifth_iteration.ingestor:v5 recursive extract level=3 text_len=91
INFO:httpx:HTTP Request: POST http://127.0.0.1:11434/api/chat "HTTP/1.1 200 OK"
INFO:httpx:HTTP Request: POST http://127.0.0.1:11434/api/chat "HTTP/1.1 200 OK"
INFO:src.services.ingest_engine.private.fifth_iteration.ingestor:v5 node is atomic, stopping recursion
INFO:src.services.ingest_engine.private.fifth_iteration.ingestor:v5 cleaning text level=3 len=188
INFO:httpx:HTTP Request: POST http://127.0.0.1:11434/api/chat "HTTP/1.1 200 OK"
INFO:src.services.ingest_engine.private.fifth_iteration.ingestor:v5 recursive extract level=3 text_len=219
INFO:httpx:HTTP Request: POST http://127.0.0.1:11434/api/chat "HTTP/1.1 200 OK"
INFO:httpx:HTTP Request: POST http://127.0.0.1:11434/api/chat "HTTP/1.1 200 OK"
INFO:src.services.ingest_engine.private.fifth_iteration.ingestor:v5 node split into 2 sub-chunks
INFO:src.services.ingest_engine.private.fifth_iteration.ingestor:v5 cleaning text level=4 len=67
INFO:httpx:HTTP Request: POST http://127.0.0.1:11434/api/chat "HTTP/1.1 200 OK"
INFO:src.services.ingest_engine.private.fifth_iteration.ingestor:v5 recursive extract level=4 text_len=71
INFO:httpx:HTTP Request: POST http://127.0.0.1:11434/api/chat "HTTP/1.1 200 OK"
INFO:httpx:HTTP Request: POST http://127.0.0.1:11434/api/chat "HTTP/1.1 200 OK"
INFO:src.services.ingest_engine.private.fifth_iteration.ingestor:v5 node is atomic, stopping recursion
INFO:src.services.ingest_engine.private.fifth_iteration.ingestor:v5 cleaning text level=4 len=83
INFO:httpx:HTTP Request: POST http://127.0.0.1:11434/api/chat "HTTP/1.1 200 OK"
INFO:src.services.ingest_engine.private.fifth_iteration.ingestor:v5 recursive extract level=4 text_len=83
INFO:httpx:HTTP Request: POST http://127.0.0.1:11434/api/chat "HTTP/1.1 200 OK"
INFO:httpx:HTTP Request: POST http://127.0.0.1:11434/api/chat "HTTP/1.1 200 OK"
INFO:src.services.ingest_engine.private.fifth_iteration.ingestor:v5 node is atomic, stopping recursion
INFO:src.services.ingest_engine.private.fifth_iteration.ingestor:v5 cleaning text level=3 len=174
INFO:httpx:HTTP Request: POST http://127.0.0.1:11434/api/chat "HTTP/1.1 200 OK"
INFO:src.services.ingest_engine.private.fifth_iteration.ingestor:v5 recursive extract level=3 text_len=166
INFO:httpx:HTTP Request: POST http://127.0.0.1:11434/api/chat "HTTP/1.1 200 OK"
INFO:httpx:HTTP Request: POST http://127.0.0.1:11434/api/chat "HTTP/1.1 200 OK"
INFO:src.services.ingest_engine.private.fifth_iteration.ingestor:v5 node split into 2 sub-chunks
INFO:src.services.ingest_engine.private.fifth_iteration.ingestor:v5 cleaning text level=4 len=80
INFO:httpx:HTTP Request: POST http://127.0.0.1:11434/api/chat "HTTP/1.1 200 OK"
INFO:src.services.ingest_engine.private.fifth_iteration.ingestor:v5 recursive extract level=4 text_len=80
INFO:httpx:HTTP Request: POST http://127.0.0.1:11434/api/chat "HTTP/1.1 200 OK"
INFO:httpx:HTTP Request: POST http://127.0.0.1:11434/api/chat "HTTP/1.1 200 OK"
INFO:src.services.ingest_engine.private.fifth_iteration.ingestor:v5 node is atomic, stopping recursion
INFO:src.services.ingest_engine.private.fifth_iteration.ingestor:v5 cleaning text level=4 len=85
INFO:httpx:HTTP Request: POST http://127.0.0.1:11434/api/chat "HTTP/1.1 200 OK"
INFO:src.services.ingest_engine.private.fifth_iteration.ingestor:v5 recursive extract level=4 text_len=79
INFO:httpx:HTTP Request: POST http://127.0.0.1:11434/api/chat "HTTP/1.1 200 OK"
INFO:httpx:HTTP Request: POST http://127.0.0.1:11434/api/chat "HTTP/1.1 200 OK"
INFO:src.services.ingest_engine.private.fifth_iteration.ingestor:v5 node is atomic, stopping recursion
INFO:src.services.ingest_engine.private.fifth_iteration.ingestor:v5 cleaning text level=3 len=175
INFO:httpx:HTTP Request: POST http://127.0.0.1:11434/api/chat "HTTP/1.1 200 OK"
INFO:src.services.ingest_engine.private.fifth_iteration.ingestor:v5 recursive extract level=3 text_len=164
INFO:httpx:HTTP Request: POST http://127.0.0.1:11434/api/chat "HTTP/1.1 200 OK"
INFO:httpx:HTTP Request: POST http://127.0.0.1:11434/api/chat "HTTP/1.1 200 OK"
INFO:src.services.ingest_engine.private.fifth_iteration.ingestor:v5 node split into 2 sub-chunks
INFO:src.services.ingest_engine.private.fifth_iteration.ingestor:v5 cleaning text level=4 len=46
INFO:httpx:HTTP Request: POST http://127.0.0.1:11434/api/chat "HTTP/1.1 200 OK"
INFO:src.services.ingest_engine.private.fifth_iteration.ingestor:v5 recursive extract level=4 text_len=0
INFO:httpx:HTTP Request: POST http://127.0.0.1:11434/api/chat "HTTP/1.1 200 OK"
INFO:httpx:HTTP Request: POST http://127.0.0.1:11434/api/chat "HTTP/1.1 200 OK"
INFO:src.services.ingest_engine.private.fifth_iteration.ingestor:v5 node is atomic, stopping recursion
INFO:src.services.ingest_engine.private.fifth_iteration.ingestor:v5 cleaning text level=4 len=90
INFO:httpx:HTTP Request: POST http://127.0.0.1:11434/api/chat "HTTP/1.1 200 OK"
INFO:src.services.ingest_engine.private.fifth_iteration.ingestor:v5 recursive extract level=4 text_len=0
INFO:httpx:HTTP Request: POST http://127.0.0.1:11434/api/chat "HTTP/1.1 200 OK"
INFO:httpx:HTTP Request: POST http://127.0.0.1:11434/api/chat "HTTP/1.1 200 OK"
INFO:src.services.ingest_engine.private.fifth_iteration.ingestor:v5 node is atomic, stopping recursion
INFO:src.services.ingest_engine.private.fifth_iteration.ingestor:v5 cleaning text level=1 len=104
INFO:httpx:HTTP Request: POST http://127.0.0.1:11434/api/chat "HTTP/1.1 200 OK"
INFO:src.services.ingest_engine.private.fifth_iteration.ingestor:v5 recursive extract level=1 text_len=98
INFO:httpx:HTTP Request: POST http://127.0.0.1:11434/api/chat "HTTP/1.1 200 OK"
INFO:httpx:HTTP Request: POST http://127.0.0.1:11434/api/chat "HTTP/1.1 200 OK"
INFO:src.services.ingest_engine.private.fifth_iteration.ingestor:v5 node is atomic, stopping recursion
INFO:src.services.ingest_engine.private.fifth_iteration.ingestor:v5 cleaning text level=1 len=102
INFO:httpx:HTTP Request: POST http://127.0.0.1:11434/api/chat "HTTP/1.1 200 OK"
INFO:src.services.ingest_engine.private.fifth_iteration.ingestor:v5 recursive extract level=1 text_len=112
INFO:httpx:HTTP Request: POST http://127.0.0.1:11434/api/chat "HTTP/1.1 200 OK"
INFO:httpx:HTTP Request: POST http://127.0.0.1:11434/api/chat "HTTP/1.1 200 OK"
INFO:src.services.ingest_engine.private.fifth_iteration.ingestor:v5 node is atomic, stopping recursion
INFO:src.services.ingest_engine.private.fifth_iteration.ingestor:v5 cleaning text level=1 len=127
INFO:httpx:HTTP Request: POST http://127.0.0.1:11434/api/chat "HTTP/1.1 200 OK"
INFO:src.services.ingest_engine.private.fifth_iteration.ingestor:v5 recursive extract level=1 text_len=128
INFO:httpx:HTTP Request: POST http://127.0.0.1:11434/api/chat "HTTP/1.1 200 OK"
INFO:httpx:HTTP Request: POST http://127.0.0.1:11434/api/chat "HTTP/1.1 200 OK"
INFO:src.services.ingest_engine.private.fifth_iteration.ingestor:v5 node split into 2 sub-chunks
INFO:src.services.ingest_engine.private.fifth_iteration.ingestor:v5 cleaning text level=2 len=40
INFO:httpx:HTTP Request: POST http://127.0.0.1:11434/api/chat "HTTP/1.1 200 OK"
INFO:src.services.ingest_engine.private.fifth_iteration.ingestor:v5 recursive extract level=2 text_len=39
INFO:httpx:HTTP Request: POST http://127.0.0.1:11434/api/chat "HTTP/1.1 200 OK"
INFO:httpx:HTTP Request: POST http://127.0.0.1:11434/api/chat "HTTP/1.1 200 OK"
INFO:src.services.ingest_engine.private.fifth_iteration.ingestor:v5 node is atomic, stopping recursion
INFO:src.services.ingest_engine.private.fifth_iteration.ingestor:v5 cleaning text level=2 len=68
INFO:httpx:HTTP Request: POST http://127.0.0.1:11434/api/chat "HTTP/1.1 200 OK"
INFO:src.services.ingest_engine.private.fifth_iteration.ingestor:v5 recursive extract level=2 text_len=67
INFO:httpx:HTTP Request: POST http://127.0.0.1:11434/api/chat "HTTP/1.1 200 OK"
INFO:httpx:HTTP Request: POST http://127.0.0.1:11434/api/chat "HTTP/1.1 200 OK"
INFO:src.services.ingest_engine.private.fifth_iteration.ingestor:v5 node is atomic, stopping recursion
INFO:src.services.ingest_engine.private.fifth_iteration.ingestor:v5 cleaning text level=1 len=124
INFO:httpx:HTTP Request: POST http://127.0.0.1:11434/api/chat "HTTP/1.1 200 OK"
INFO:src.services.ingest_engine.private.fifth_iteration.ingestor:v5 recursive extract level=1 text_len=136
INFO:httpx:HTTP Request: POST http://127.0.0.1:11434/api/chat "HTTP/1.1 200 OK"
INFO:httpx:HTTP Request: POST http://127.0.0.1:11434/api/chat "HTTP/1.1 200 OK"
INFO:src.services.ingest_engine.private.fifth_iteration.ingestor:v5 node split into 2 sub-chunks
INFO:src.services.ingest_engine.private.fifth_iteration.ingestor:v5 cleaning text level=2 len=24
INFO:httpx:HTTP Request: POST http://127.0.0.1:11434/api/chat "HTTP/1.1 200 OK"
INFO:src.services.ingest_engine.private.fifth_iteration.ingestor:v5 recursive extract level=2 text_len=22
INFO:httpx:HTTP Request: POST http://127.0.0.1:11434/api/chat "HTTP/1.1 200 OK"
INFO:httpx:HTTP Request: POST http://127.0.0.1:11434/api/chat "HTTP/1.1 200 OK"
INFO:src.services.ingest_engine.private.fifth_iteration.ingestor:v5 node is atomic, stopping recursion
INFO:src.services.ingest_engine.private.fifth_iteration.ingestor:v5 cleaning text level=2 len=59
INFO:httpx:HTTP Request: POST http://127.0.0.1:11434/api/chat "HTTP/1.1 200 OK"
INFO:src.services.ingest_engine.private.fifth_iteration.ingestor:v5 recursive extract level=2 text_len=57
INFO:httpx:HTTP Request: POST http://127.0.0.1:11434/api/chat "HTTP/1.1 200 OK"
INFO:httpx:HTTP Request: POST http://127.0.0.1:11434/api/chat "HTTP/1.1 200 OK"
INFO:src.services.ingest_engine.private.fifth_iteration.ingestor:v5 node is atomic, stopping recursion
INFO:src.services.ingest_engine.private.fifth_iteration.ingestor:v5 cleaning text level=1 len=130
INFO:httpx:HTTP Request: POST http://127.0.0.1:11434/api/chat "HTTP/1.1 200 OK"
INFO:src.services.ingest_engine.private.fifth_iteration.ingestor:v5 recursive extract level=1 text_len=133
INFO:httpx:HTTP Request: POST http://127.0.0.1:11434/api/chat "HTTP/1.1 200 OK"
INFO:httpx:HTTP Request: POST http://127.0.0.1:11434/api/chat "HTTP/1.1 200 OK"
INFO:src.services.ingest_engine.private.fifth_iteration.ingestor:v5 node split into 2 sub-chunks
INFO:src.services.ingest_engine.private.fifth_iteration.ingestor:v5 cleaning text level=2 len=91
INFO:httpx:HTTP Request: POST http://127.0.0.1:11434/api/chat "HTTP/1.1 200 OK"
INFO:src.services.ingest_engine.private.fifth_iteration.ingestor:v5 recursive extract level=2 text_len=92
INFO:httpx:HTTP Request: POST http://127.0.0.1:11434/api/chat "HTTP/1.1 200 OK"
INFO:httpx:HTTP Request: POST http://127.0.0.1:11434/api/chat "HTTP/1.1 200 OK"
INFO:src.services.ingest_engine.private.fifth_iteration.ingestor:v5 node is atomic, stopping recursion
INFO:src.services.ingest_engine.private.fifth_iteration.ingestor:v5 cleaning text level=2 len=36
INFO:httpx:HTTP Request: POST http://127.0.0.1:11434/api/chat "HTTP/1.1 200 OK"
INFO:src.services.ingest_engine.private.fifth_iteration.ingestor:v5 recursive extract level=2 text_len=33
INFO:httpx:HTTP Request: POST http://127.0.0.1:11434/api/chat "HTTP/1.1 200 OK"
INFO:httpx:HTTP Request: POST http://127.0.0.1:11434/api/chat "HTTP/1.1 200 OK"
INFO:src.services.ingest_engine.private.fifth_iteration.ingestor:v5 node is atomic, stopping recursion
INFO:src.services.ingest_engine.private.fifth_iteration.ingestor:v5 saving 25 statements to DB
INFO:src.services.ingest_engine.private.fifth_iteration.ingestor:v5 syncing to VectorStore
INFO:httpx:HTTP Request: POST http://localhost:11434/api/embed "HTTP/1.1 200 OK"
INFO:src.services.ingest_engine.private.fifth_iteration.ingestor:v5 ingest complete
Ingestion complete. Querying Vector Store...
INFO:httpx:HTTP Request: POST http://localhost:11434/api/embed "HTTP/1.1 200 OK"

--- SEARCH RESULT ---
ID: 8e37e204-7361-4650-a7c0-f52a84dac551
Text: Summary: Commander Silas operates *The Vanguard* as its pilot.
Topics: pilotage, commander-ship relationship
Entities: Silas (Commander), *The Vanguard*
Answers: Who else has piloted *The Vanguard* besides Silas?, What is the role of *The Vanguard* beyond pilotage under Silas?
Metadata: {'next_id': 'none', 'parent_id': '942c98d1-7a24-49f0-a592-3d8d017fe58c', 'level': 2, 'type': 'semantic_chunk'}

--- SEARCH RESULT ---
ID: 942c98d1-7a24-49f0-a592-3d8d017fe58c
Text: Summary: In **2050**, the **Europa Mission** successfully launched aboard the **Zephyrium-powered vessel *The Vanguard*** under command of **Commander Silas**, marking the first operational deployment of this propulsion system.
Topics: Europa Mission (2050), *The Vanguard* ship, Zephyrium-powered propulsion, Commander Silas
Entities: Europa Mission, 2050, *The Vanguard*, Zephyrium-powered vessel, Commander Silas
Answers: What was the primary purpose of *The Vanguard*’s Zephyrium propulsion?, How did Commander Silas contribute to the mission’s success in 2050?
Metadata: {'parent_id': '43145d3c-dfce-43a2-ab17-c99ebe2c262d', 'next_id': 'none', 'type': 'semantic_chunk', 'level': 1}

--- SEARCH RESULT ---
ID: 43145d3c-dfce-43a2-ab17-c99ebe2c262d
Text: Summary: Zephyrium’s discovery by Dr. Aris Thorne at the Global Science Institute in 2045 revolutionized materials science with its room-temperature superconductivity, enabling advanced energy grids and orbital propulsion. His team later applied Zephyrium to *The Vanguard*, a Europa Mission vessel piloted by Commander Silas in 2050, achieving record transit time but uncovering unexpected subsurface thermal vents during landing.
Topics: Zephyrium material properties, Dr. Aris Thorne’s contributions, Global Science Institute, Europa Mission and *The Vanguard* vessel, Unusual seismic activity on Europa
Entities: Zephyrium, Dr. Aris Thorne, Global Science Institute, Commander Silas, *The Vanguard* (ship), Europa Mission, room-temperature superconductivity, orbital propulsion, subsurface thermal vents
Answers: What were the primary challenges in synthesizing Zephyrium?, How did the Zephyrium drive’s stability compare to conventional propulsion systems?, Did the crew investigate the seismic activity further, or was it dismissed as unrelated?, What implications might the thermal vents have for long-term Europa colonization?
Metadata: {'level': 0, 'parent_id': 'none', 'type': 'semantic_chunk', 'next_id': 'none'}
